download successed
